// Jest Snapshot v1, https://goo.gl/fbAQLP

exports[`AddTodo should match snapshot 1`] = `
<div>
  <div
    class="todo"
  >
    <div
      class="container"
    >
      <div
        class="addButton"
      >
        +
      </div>
      <input
        class="input"
        placeholder="Ajouter une tÃ¢che"
        value=""
      />
    </div>
  </div>
</div>
`;
